
> harnesslab-workbench@0.1.0 build
> npm run type-check && vite build


> harnesslab-workbench@0.1.0 type-check
> vue-tsc --noEmit

vite v8.2.2 building client environment for production...
transforming...
✓ 2345 modules transformed.
rendering chunks...
computing gzip size...
dist/assets/samescale-mark-B9vUBLGx.svg           0.34 kB │ gzip:   0.21 kB
dist/index.html                                   0.61 kB │ gzip:   0.39 kB
dist/assets/ResourceManager-Bw_GUFJ-.css          0.17 kB │ gzip:   0.15 kB
dist/assets/TasksView-D97sYp5i.css                0.34 kB │ gzip:   0.18 kB
dist/assets/RunDetailView-BkoHjjTU.css            0.35 kB │ gzip:   0.21 kB
dist/assets/ExperimentsView-Bbjg8AVv.css          0.54 kB │ gzip:   0.26 kB
dist/assets/ExperimentBuilderView-EUqxeNGx.css    0.64 kB │ gzip:   0.27 kB
dist/assets/ConnectionStates-B49Nk4P3.css         0.93 kB │ gzip:   0.41 kB
dist/assets/AnalystHomeView-D-aZQL53.css          2.87 kB │ gzip:   0.91 kB
dist/assets/ConnectionsView-CMnvteVt.css          5.28 kB │ gzip:   1.07 kB
dist/assets/analyst-vJWa-rQv.css                  5.85 kB │ gzip:   1.69 kB
dist/assets/ExamplesView-COja2-4-.css             8.04 kB │ gzip:   1.90 kB
dist/assets/AnalystView-Tyxbpp-w.css              8.48 kB │ gzip:   1.90 kB
dist/assets/index-BHJsOY0i.css                   53.58 kB │ gzip:  11.61 kB
dist/assets/EvidenceValue-BE_N0CgP.js             0.43 kB │ gzip:   0.31 kB
dist/assets/NotFoundView-xzr4WPjH.js              0.55 kB │ gzip:   0.44 kB
dist/assets/StatusBadge-BljhIJM_.js               0.75 kB │ gzip:   0.46 kB
dist/assets/registryPresentation-C8ZIkj03.js      1.29 kB │ gzip:   0.86 kB
dist/assets/labels-BO1KmIUA.js                    1.48 kB │ gzip:   0.93 kB
dist/assets/CoreReadinessView-B_Wqq9se.js         2.27 kB │ gzip:   1.21 kB
dist/assets/JudgeLabView-DQ6K-mhw.js              2.41 kB │ gzip:   1.24 kB
dist/assets/experiments-kFEVR4dw.js               2.47 kB │ gzip:   1.02 kB
dist/assets/ProvidersView-BqpUtrWK.js             2.70 kB │ gzip:   1.41 kB
dist/assets/ResourceManager-CLm_DBss.js           2.86 kB │ gzip:   1.57 kB
dist/assets/ConnectionStates-jSv4FFve.js          2.90 kB │ gzip:   1.33 kB
dist/assets/TasksView-DlIRlfKy.js                 2.98 kB │ gzip:   1.67 kB
dist/assets/JudgeDetailView-D8KICqXS.js           3.34 kB │ gzip:   1.54 kB
dist/assets/AnalystHomeView-CKP2luPQ.js           3.51 kB │ gzip:   1.76 kB
dist/assets/ModelsView-CK_Cr3-C.js                4.04 kB │ gzip:   1.89 kB
dist/assets/RegressionView-BGmH42KO.js            4.14 kB │ gzip:   1.83 kB
dist/assets/HarnessesView-BCb2Y5N3.js             4.22 kB │ gzip:   1.91 kB
dist/assets/SettingsView-BfHC6JSb.js              5.30 kB │ gzip:   2.23 kB
dist/assets/RunDetailView-M8WkRXeo.js             5.65 kB │ gzip:   2.36 kB
dist/assets/OverviewView-D0ApDhC6.js              5.92 kB │ gzip:   2.40 kB
dist/assets/CapabilitiesView-D6cKLi_o.js          6.07 kB │ gzip:   2.52 kB
dist/assets/DiagnosisView-CZqjA3bT.js             6.23 kB │ gzip:   2.47 kB
dist/assets/ExperimentsView-DaA2UKd8.js           6.55 kB │ gzip:   2.77 kB
dist/assets/RunControlView-B96dYKvK.js            8.01 kB │ gzip:   3.34 kB
dist/assets/analyst-Dx5uhTd2.js                   8.33 kB │ gzip:   3.48 kB
dist/assets/ExperimentBuilderView-I_YpaAyY.js    16.91 kB │ gzip:   5.72 kB
dist/assets/ExamplesView-DGFicpMx.js             17.77 kB │ gzip:   6.57 kB
dist/assets/AnalystView-DP3C3WND.js              23.76 kB │ gzip:   8.21 kB
dist/assets/ConnectionsView-Do7-1dOa.js          33.02 kB │ gzip:   9.24 kB
dist/assets/client-DlEWBRBZ.js                   49.46 kB │ gzip:  18.46 kB
dist/assets/index-CXKVrKOz.js                   262.98 kB │ gzip:  99.14 kB
dist/assets/ExperimentDetailView-EDWnr12G.js    550.01 kB │ gzip: 184.89 kB

✓ built in 1.06s
